C:\Go\bin\go.exe : # apitester/internal/filter
所在位置 行:1 字符: 5
+ & { C:\Go\bin\go.exe build ./internal/filter 2> build_error
s.txt ; Ge ...
+     ~~~~~~~~~~~~~~~~~~~~~~~~~~~~~~~~~~~~~~~~~~~~~~~~~~~~~~~
~~~~~
    + CategoryInfo          : NotSpecified: (# apitester/int 
   ernal/filter:String) [], RemoteException
    + FullyQualifiedErrorId : NativeCommandError
 
internal\filter\dry_run.go:58:37: undefined: models.TestCase
internal\filter\dry_run.go:81:30: undefined: models.TestCase
internal\filter\dry_run.go:126:24: req.QueryParams undefined 
(type *models.Request has no field or method QueryParams)
internal\filter\dry_run.go:135:39: undefined: models.RequestB
ody
internal\filter\dry_run.go:163:35: undefined: models.WebSocke
tConfig
internal\filter\dry_run.go:187:30: undefined: models.SSEConfi
g
internal\filter\filter.go:17:53: undefined: models.TestCase
internal\filter\filter.go:17:79: undefined: models.ExecutionO
ptions
internal\filter\filter.go:17:107: undefined: models.TestCase
internal\filter\filter.go:65:52: undefined: models.TestCase
internal\filter\dry_run.go:126:24: too many errors
